// Jest Snapshot v1, https://goo.gl/fbAQLP

exports[`Checkers UI Board renders correctly when empty 1`] = `
<div
  id="board"
>
  <div
    className="square white"
    onClick={[Function]}
  />
  <div
    className="square black"
    onClick={[Function]}
  />
  <div
    className="square white"
    onClick={[Function]}
  />
  <div
    className="square black"
    onClick={[Function]}
  />
  <div
    className="square white"
    onClick={[Function]}
  />
  <div
    className="square black"
    onClick={[Function]}
  />
  <div
    className="square white"
    onClick={[Function]}
  />
  <div
    className="square black"
    onClick={[Function]}
  />
  <div
    className="square black"
    onClick={[Function]}
  />
  <div
    className="square white"
    onClick={[Function]}
  />
  <div
    className="square black"
    onClick={[Function]}
  />
  <div
    className="square white"
    onClick={[Function]}
  />
  <div
    className="square black"
    onClick={[Function]}
  />
  <div
    className="square white"
    onClick={[Function]}
  />
  <div
    className="square black"
    onClick={[Function]}
  />
  <div
    className="square white"
    onClick={[Function]}
  />
  <div
    className="square white"
    onClick={[Function]}
  />
  <div
    className="square black"
    onClick={[Function]}
  />
  <div
    className="square white"
    onClick={[Function]}
  />
  <div
    className="square black"
    onClick={[Function]}
  />
  <div
    className="square white"
    onClick={[Function]}
  />
  <div
    className="square black"
    onClick={[Function]}
  />
  <div
    className="square white"
    onClick={[Function]}
  />
  <div
    className="square black"
    onClick={[Function]}
  />
  <div
    className="square black"
    onClick={[Function]}
  />
  <div
    className="square white"
    onClick={[Function]}
  />
  <div
    className="square black"
    onClick={[Function]}
  />
  <div
    className="square white"
    onClick={[Function]}
  />
  <div
    className="square black"
    onClick={[Function]}
  />
  <div
    className="square white"
    onClick={[Function]}
  />
  <div
    className="square black"
    onClick={[Function]}
  />
  <div
    className="square white"
    onClick={[Function]}
  />
  <div
    className="square white"
    onClick={[Function]}
  />
  <div
    className="square black"
    onClick={[Function]}
  />
  <div
    className="square white"
    onClick={[Function]}
  />
  <div
    className="square black"
    onClick={[Function]}
  />
  <div
    className="square white"
    onClick={[Function]}
  />
  <div
    className="square black"
    onClick={[Function]}
  />
  <div
    className="square white"
    onClick={[Function]}
  />
  <div
    className="square black"
    onClick={[Function]}
  />
  <div
    className="square black"
    onClick={[Function]}
  />
  <div
    className="square white"
    onClick={[Function]}
  />
  <div
    className="square black"
    onClick={[Function]}
  />
  <div
    className="square white"
    onClick={[Function]}
  />
  <div
    className="square black"
    onClick={[Function]}
  />
  <div
    className="square white"
    onClick={[Function]}
  />
  <div
    className="square black"
    onClick={[Function]}
  />
  <div
    className="square white"
    onClick={[Function]}
  />
  <div
    className="square white"
    onClick={[Function]}
  />
  <div
    className="square black"
    onClick={[Function]}
  />
  <div
    className="square white"
    onClick={[Function]}
  />
  <div
    className="square black"
    onClick={[Function]}
  />
  <div
    className="square white"
    onClick={[Function]}
  />
  <div
    className="square black"
    onClick={[Function]}
  />
  <div
    className="square white"
    onClick={[Function]}
  />
  <div
    className="square black"
    onClick={[Function]}
  />
  <div
    className="square black"
    onClick={[Function]}
  />
  <div
    className="square white"
    onClick={[Function]}
  />
  <div
    className="square black"
    onClick={[Function]}
  />
  <div
    className="square white"
    onClick={[Function]}
  />
  <div
    className="square black"
    onClick={[Function]}
  />
  <div
    className="square white"
    onClick={[Function]}
  />
  <div
    className="square black"
    onClick={[Function]}
  />
  <div
    className="square white"
    onClick={[Function]}
  />
</div>
`;
